Microchip MPLAB XC8 Compiler V2.40

Linker command line:

-W-3 \
  --edf=C:\Program Files\Microchip\xc8\v2.40\pic\dat\20220703182018_en.msgs \
  -cn -h+dist/default/production\Software.X.production.sym \
  --cmf=dist/default/production\Software.X.production.cmf -z -Q16F887 \
  -oC:\Users\Alumno\AppData\Local\Temp\xcAs7p4.4 --defsym=__MPLAB_BUILD=1 \
  --fixupoverflow=error -Mdist/default/production/Software.X.production.map \
  --md=C:\Users\Alumno\AppData\Local\Temp\xcAs7p4.dat -E1 -ver=XC8 Compiler \
  --acfsm=1493 -ACODE=00h-07FFhx4 -ASTRCODE=00h-01FFFh -ASTRING=00h-0FFhx32 \
  -ACONST=00h-0FFhx32 -AENTRY=00h-0FFhx32 -ACOMMON=070h-07Fh \
  -ABANK0=020h-06Fh -ABANK1=0A0h-0EFh -ABANK2=0110h-016Fh \
  -ABANK3=0190h-01EFh -ARAM=020h-06Fh,0A0h-0EFh,0110h-016Fh,0190h-01EFh \
  -AABS1=020h-07Fh,0A0h-0EFh,0110h-016Fh,0190h-01EFh -ASFR0=00h-01Fh \
  -ASFR1=080h-09Fh -ASFR2=0100h-010Fh -ASFR3=0180h-018Fh \
  -ACONFIG=02007h-02008h -DCONFIG=2 -AIDLOC=02000h-02003h -DIDLOC=2 \
  -AEEDATA=00h-0FFh/02100h -peeprom_data=EEDATA -DEEDATA=2 -DCODE=2 \
  -DSTRCODE=2 -DSTRING=2 -DCONST=2 -DENTRY=2 \
  -preset_vec=00h,intentry=04h,init,end_init -ppowerup=CODE -pcinit=CODE \
  -pfunctab=ENTRY -k C:\Users\Alumno\AppData\Local\Temp\xcAs7p4.o \
  dist/default/production\Software.X.production.o 

Object code version is 3.11

Machine type is 16F887



                Name                               Link     Load   Length Selector   Space Scale
C:\Users\Alumno\AppData\Local\Temp\xcAs7p4.o
                end_init                              C        C        3        8       0
                reset_vec                             0        0        3        0       0
                config                             2007     2007        2        0       4
dist/default/production\Software.X.production.o
                cinit                                 F        F        F        8       0
                intentry                              4        4        8        8       0
                config                             2007     2007        2        0       4
                text7                                AC       AC       39        8       0
                text6                               149      149        D        8       0
                text5                                1E       1E       8E        8       0
                text4                               13C      13C        D        8       0
                text3                               129      129       13        8       0
                text2                               156      156        A        8       0
                text1                                E5       E5       2A        8       0
                maintext                            10F      10F       1A        8       0
                cstackBANK0                          24       24        4       20       1
                cstackCOMMON                         75       75        5       70       1
                bssBANK0                             20       20        4       20       1
                bssCOMMON                            70       70        5       70       1

TOTAL           Name                               Link     Load   Length     Space
        CLASS   CODE           
                end_init                              C        C        3         0
                cinit                                 F        F        F         0
                intentry                              4        4        8         0
                reset_vec                             0        0        3         0
                text7                                AC       AC       39         0
                text6                               149      149        D         0
                text5                                1E       1E       8E         0
                text4                               13C      13C        D         0
                text3                               129      129       13         0
                text2                               156      156        A         0
                text1                                E5       E5       2A         0
                maintext                            10F      10F       1A         0

        CLASS   STRCODE        

        CLASS   STRING         

        CLASS   CONST          

        CLASS   ENTRY          

        CLASS   COMMON         
                cstackCOMMON                         75       75        5         1
                bssCOMMON                            70       70        5         1

        CLASS   BANK0          
                cstackBANK0                          24       24        4         1
                bssBANK0                             20       20        4         1

        CLASS   BANK1          

        CLASS   BANK2          

        CLASS   BANK3          

        CLASS   RAM            

        CLASS   ABS1           
                abs_s1                               7E       7E        2         1

        CLASS   SFR0           

        CLASS   SFR1           

        CLASS   SFR2           

        CLASS   SFR3           

        CLASS   CONFIG         
                config                             2007     2007        2         4

        CLASS   IDLOC          

        CLASS   EEDATA         

        CLASS   STACK          



SEGMENTS        Name                           Load    Length   Top    Selector   Space  Class     Delta

                reset_vec                      000000  000003  000003         0       0  CODE        2
                intentry                       000004  00015C  000160         8       0  CODE        2
                bssBANK0                       000020  000008  000028        20       1  BANK0       1
                bssCOMMON                      000070  00000A  00007A        70       1  COMMON      1


UNUSED ADDRESS RANGES

        Name                Unused          Largest block    Delta
        BANK0            0028-006F             48           1
        BANK1            00A0-00EF             50           1
        BANK2            0110-016F             60           1
        BANK3            0190-01EF             60           1
        CODE             0003-0003              1           2
                         0160-1FFF            800
        COMMON           007A-007D              4           1
        CONST            0003-0003              1           2
                         0160-1FFF            100
        EEDATA           2100-21FF            100           2
        ENTRY            0003-0003              1           2
                         0160-1FFF            100
        IDLOC            2000-2003              4           2
        RAM              0028-006F             48           1
                         00A0-00EF             50
                         0110-016F             60
                         0190-01EF             60
        SFR0             0000-001F             20           1
        SFR1             0080-009F             20           1
        SFR2             0100-010F             10           1
        SFR3             0180-018F             10           1
        STRCODE          0003-0003              1           2
                         0160-1FFF           1EA0
        STRING           0003-0003              1           2
                         0160-1FFF            100

                                  Symbol Table

?_tickRead               cstackCOMMON 0078
_ADCON0bits              (abs)        001F
_ADCS0                   (abs)        00FE
_ADCS1                   (abs)        00FF
_ADFM                    (abs)        04FF
_ADON                    (abs)        00F8
_ADRESH                  (abs)        001E
_ADRESL                  (abs)        009E
_ANS0                    (abs)        0C40
_ANSEL                   (abs)        0188
_ANSELH                  (abs)        0189
_ActualizarMEF           text5        001E
_CCP1IE                  (abs)        0462
_FVREN                   (abs)        0C28
_GIE                     (abs)        005F
_GO_nDONE                (abs)        00F9
_InicializarMEF          text4        013C
_OPTION_REGbits          (abs)        0081
_PORTAbits               (abs)        0005
_PORTCbits               (abs)        0007
_PSA                     (abs)        040B
_T0CS                    (abs)        040D
_TMR0                    (abs)        0001
_TMR0IE                  (abs)        005D
_TMR0IF                  (abs)        005A
_TRISAbits               (abs)        0085
_TRISCbits               (abs)        0087
_VCFG0                   (abs)        04FC
_VCFG1                   (abs)        04FD
__Habs1                  abs1         0000
__Hbank0                 bank0        0000
__Hbank1                 bank1        0000
__Hbank2                 bank2        0000
__Hbank3                 bank3        0000
__HbssBANK0              bssBANK0     0000
__HbssCOMMON             bssCOMMON    0000
__Hcinit                 cinit        001E
__Hclrtext               clrtext      0000
__Hcode                  code         0000
__Hcommon                common       0000
__Hconfig                config       2009
__HcstackBANK0           cstackBANK0  0000
__HcstackCOMMON          cstackCOMMON 0000
__Heeprom_data           eeprom_data  0000
__Hend_init              end_init     000F
__Hfunctab               functab      0000
__Hinit                  init         000C
__Hintentry              intentry     000C
__Hmaintext              maintext     0000
__Hpowerup               powerup      0000
__Hram                   ram          0000
__Hreset_vec             reset_vec    0003
__Hsfr0                  sfr0         0000
__Hsfr1                  sfr1         0000
__Hsfr2                  sfr2         0000
__Hsfr3                  sfr3         0000
__Hspace_0               (abs)        0160
__Hspace_1               (abs)        007A
__Hspace_2               (abs)        0000
__Hspace_3               (abs)        0000
__Hspace_4               (abs)        4010
__Hstack                 stack        0000
__Hstrings               strings      0000
__Htext                  text         0000
__Labs1                  abs1         0000
__Lbank0                 bank0        0000
__Lbank1                 bank1        0000
__Lbank2                 bank2        0000
__Lbank3                 bank3        0000
__LbssBANK0              bssBANK0     0000
__LbssCOMMON             bssCOMMON    0000
__Lcinit                 cinit        000F
__Lclrtext               clrtext      0000
__Lcode                  code         0000
__Lcommon                common       0000
__Lconfig                config       0000
__LcstackBANK0           cstackBANK0  0000
__LcstackCOMMON          cstackCOMMON 0000
__Leeprom_data           eeprom_data  0000
__Lend_init              end_init     000C
__Lfunctab               functab      0000
__Linit                  init         000C
__Lintentry              intentry     0004
__Lmaintext              maintext     0000
__Lpowerup               powerup      0000
__Lram                   ram          0000
__Lreset_vec             reset_vec    0000
__Lsfr0                  sfr0         0000
__Lsfr1                  sfr1         0000
__Lsfr2                  sfr2         0000
__Lsfr3                  sfr3         0000
__Lspace_0               (abs)        0000
__Lspace_1               (abs)        0000
__Lspace_2               (abs)        0000
__Lspace_3               (abs)        0000
__Lspace_4               (abs)        0000
__Lstack                 stack        0000
__Lstrings               strings      0000
__Ltext                  text         0000
__S0                     (abs)        0160
__S1                     (abs)        007A
__S3                     (abs)        0000
___int_sp                stack        0000
___latbits               (abs)        0002
___sp                    stack        0000
___stackhi               (abs)        0000
___stacklo               (abs)        0000
__end_of_ActualizarMEF   text5        00AC
__end_of_InicializarMEF  text4        0149
__end_of__initialization cinit        001A
__end_of_adcInit         text3        013C
__end_of_appInit         text1        010F
__end_of_isr             text7        00E5
__end_of_main            maintext     0129
__end_of_tickInit        text2        0160
__end_of_tickRead        text6        0156
__initialization         cinit        000F
__pbssBANK0              bssBANK0     0020
__pbssCOMMON             bssCOMMON    0070
__pcstackBANK0           cstackBANK0  0024
__pcstackCOMMON          cstackCOMMON 0075
__pintentry              intentry     0004
__pmaintext              maintext     010F
__ptext1                 text1        00E5
__ptext2                 text2        0156
__ptext3                 text3        0129
__ptext4                 text4        013C
__ptext5                 text5        001E
__ptext6                 text6        0149
__ptext7                 text7        00AC
_adcInit                 text3        0129
_appInit                 text1        00E5
_contador50HZ            bssCOMMON    0072
_error                   bssCOMMON    0070
_estadoActual            bssCOMMON    0071
_isr                     text7        00AC
_main                    maintext     010F
_tInicio                 bssBANK0     0020
_tickCounter             bssBANK0     0022
_tickInit                text2        0156
_tickRead                text6        0149
adcRead_mV@nAdcRef       bssCOMMON    0073
btemp                    (abs)        007E
end_of_initialization    cinit        001A
interrupt_function       intentry     0004
intlevel0                functab      0000
intlevel1                functab      0000
intlevel2                functab      0000
intlevel3                functab      0000
intlevel4                functab      0000
intlevel5                functab      0000
reset_vec                reset_vec    0000
saved_w                  (abs)        007E
start                    init         000C
start_initialization     cinit        000F
tickRead@aux             cstackBANK0  0024
wtemp0                   (abs)        007E


MODULE INFORMATION

Module		Function		Class		Link	Load	Size
tick.c
		_tickRead      		CODE           	0149	0000	13
		_tickInit      		CODE           	0156	0000	10

tick.c estimated size: 23

interrupts.c
		_isr           		CODE           	00AC	0000	57

interrupts.c estimated size: 57

adc.c
		_adcInit       		CODE           	0129	0000	19

adc.c estimated size: 19

shared
		__initialization		CODE           	000F	0000	11

shared estimated size: 11

user.c
		_appInit       		CODE           	00E5	0000	42

user.c estimated size: 42

main.c
		_ActualizarMEF 		CODE           	001E	0000	142
		_InicializarMEF		CODE           	013C	0000	13
		_main          		CODE           	010F	0000	26

main.c estimated size: 181

